Archive member included to satisfy reference by file (symbol)

c:/progra~2/gnuarm~1/102021~1.10/bin/../lib/gcc/arm-none-eabi/10.3.1/../../../../arm-none-eabi/lib/thumb/v7-m/nofp\libg.a(lib_a-errno.o)
                              CMakeFiles/RTOS_test1.elf.dir/Core/Src/retarget.c.obj (__errno)
c:/progra~2/gnuarm~1/102021~1.10/bin/../lib/gcc/arm-none-eabi/10.3.1/../../../../arm-none-eabi/lib/thumb/v7-m/nofp\libg.a(lib_a-exit.o)
                              c:/progra~2/gnuarm~1/102021~1.10/bin/../lib/gcc/arm-none-eabi/10.3.1/../../../../arm-none-eabi/lib/thumb/v7-m/nofp/crt0.o (exit)
c:/progra~2/gnuarm~1/102021~1.10/bin/../lib/gcc/arm-none-eabi/10.3.1/../../../../arm-none-eabi/lib/thumb/v7-m/nofp\libg.a(lib_a-impure.o)
                              c:/progra~2/gnuarm~1/102021~1.10/bin/../lib/gcc/arm-none-eabi/10.3.1/../../../../arm-none-eabi/lib/thumb/v7-m/nofp\libg.a(lib_a-exit.o) (_global_impure_ptr)
c:/progra~2/gnuarm~1/102021~1.10/bin/../lib/gcc/arm-none-eabi/10.3.1/../../../../arm-none-eabi/lib/thumb/v7-m/nofp\libg.a(lib_a-init.o)
                              c:/progra~2/gnuarm~1/102021~1.10/bin/../lib/gcc/arm-none-eabi/10.3.1/../../../../arm-none-eabi/lib/thumb/v7-m/nofp/crt0.o (__libc_init_array)
c:/progra~2/gnuarm~1/102021~1.10/bin/../lib/gcc/arm-none-eabi/10.3.1/../../../../arm-none-eabi/lib/thumb/v7-m/nofp\libg.a(lib_a-memset.o)
                              c:/progra~2/gnuarm~1/102021~1.10/bin/../lib/gcc/arm-none-eabi/10.3.1/../../../../arm-none-eabi/lib/thumb/v7-m/nofp/crt0.o (memset)
c:/progra~2/gnuarm~1/102021~1.10/bin/../lib/gcc/arm-none-eabi/10.3.1/../../../../arm-none-eabi/lib/thumb/v7-m/nofp\libg.a(lib_a-setvbuf.o)
                              CMakeFiles/RTOS_test1.elf.dir/Core/Src/retarget.c.obj (setvbuf)
c:/progra~2/gnuarm~1/102021~1.10/bin/../lib/gcc/arm-none-eabi/10.3.1/../../../../arm-none-eabi/lib/thumb/v7-m/nofp\libg.a(lib_a-__call_atexit.o)
                              c:/progra~2/gnuarm~1/102021~1.10/bin/../lib/gcc/arm-none-eabi/10.3.1/../../../../arm-none-eabi/lib/thumb/v7-m/nofp\libg.a(lib_a-exit.o) (__call_exitprocs)
c:/progra~2/gnuarm~1/102021~1.10/bin/../lib/gcc/arm-none-eabi/10.3.1/../../../../arm-none-eabi/lib/thumb/v7-m/nofp\libg.a(lib_a-atexit.o)
                              c:/progra~2/gnuarm~1/102021~1.10/bin/../lib/gcc/arm-none-eabi/10.3.1/../../../../arm-none-eabi/lib/thumb/v7-m/nofp\libg.a(lib_a-__call_atexit.o) (atexit)
c:/progra~2/gnuarm~1/102021~1.10/bin/../lib/gcc/arm-none-eabi/10.3.1/../../../../arm-none-eabi/lib/thumb/v7-m/nofp\libg.a(lib_a-fflush.o)
                              c:/progra~2/gnuarm~1/102021~1.10/bin/../lib/gcc/arm-none-eabi/10.3.1/../../../../arm-none-eabi/lib/thumb/v7-m/nofp\libg.a(lib_a-setvbuf.o) (_fflush_r)
c:/progra~2/gnuarm~1/102021~1.10/bin/../lib/gcc/arm-none-eabi/10.3.1/../../../../arm-none-eabi/lib/thumb/v7-m/nofp\libg.a(lib_a-findfp.o)
                              c:/progra~2/gnuarm~1/102021~1.10/bin/../lib/gcc/arm-none-eabi/10.3.1/../../../../arm-none-eabi/lib/thumb/v7-m/nofp\libg.a(lib_a-setvbuf.o) (__sinit)
c:/progra~2/gnuarm~1/102021~1.10/bin/../lib/gcc/arm-none-eabi/10.3.1/../../../../arm-none-eabi/lib/thumb/v7-m/nofp\libg.a(lib_a-fini.o)
                              c:/progra~2/gnuarm~1/102021~1.10/bin/../lib/gcc/arm-none-eabi/10.3.1/../../../../arm-none-eabi/lib/thumb/v7-m/nofp\libg.a(lib_a-__call_atexit.o) (__libc_fini_array)
c:/progra~2/gnuarm~1/102021~1.10/bin/../lib/gcc/arm-none-eabi/10.3.1/../../../../arm-none-eabi/lib/thumb/v7-m/nofp\libg.a(lib_a-freer.o)
                              c:/progra~2/gnuarm~1/102021~1.10/bin/../lib/gcc/arm-none-eabi/10.3.1/../../../../arm-none-eabi/lib/thumb/v7-m/nofp\libg.a(lib_a-setvbuf.o) (_free_r)
c:/progra~2/gnuarm~1/102021~1.10/bin/../lib/gcc/arm-none-eabi/10.3.1/../../../../arm-none-eabi/lib/thumb/v7-m/nofp\libg.a(lib_a-fwalk.o)
                              c:/progra~2/gnuarm~1/102021~1.10/bin/../lib/gcc/arm-none-eabi/10.3.1/../../../../arm-none-eabi/lib/thumb/v7-m/nofp\libg.a(lib_a-findfp.o) (_fwalk)
c:/progra~2/gnuarm~1/102021~1.10/bin/../lib/gcc/arm-none-eabi/10.3.1/../../../../arm-none-eabi/lib/thumb/v7-m/nofp\libg.a(lib_a-lock.o)
                              c:/progra~2/gnuarm~1/102021~1.10/bin/../lib/gcc/arm-none-eabi/10.3.1/../../../../arm-none-eabi/lib/thumb/v7-m/nofp\libg.a(lib_a-findfp.o) (__retarget_lock_init_recursive)
c:/progra~2/gnuarm~1/102021~1.10/bin/../lib/gcc/arm-none-eabi/10.3.1/../../../../arm-none-eabi/lib/thumb/v7-m/nofp\libg.a(lib_a-makebuf.o)
                              c:/progra~2/gnuarm~1/102021~1.10/bin/../lib/gcc/arm-none-eabi/10.3.1/../../../../arm-none-eabi/lib/thumb/v7-m/nofp\libg.a(lib_a-setvbuf.o) (__swhatbuf_r)
c:/progra~2/gnuarm~1/102021~1.10/bin/../lib/gcc/arm-none-eabi/10.3.1/../../../../arm-none-eabi/lib/thumb/v7-m/nofp\libg.a(lib_a-malloc.o)
                              c:/progra~2/gnuarm~1/102021~1.10/bin/../lib/gcc/arm-none-eabi/10.3.1/../../../../arm-none-eabi/lib/thumb/v7-m/nofp\libg.a(lib_a-setvbuf.o) (malloc)
[...]
Memory Configuration

Name             Origin             Length             Attributes
RAM              0x20000000         0x00005000         xrw
FLASH            0x08000000         0x00010000         xr
*default*        0x00000000         0xffffffff

Linker script and memory map

LOAD c:/progra~2/gnuarm~1/102021~1.10/bin/../lib/gcc/arm-none-eabi/10.3.1/thumb/v7-m/nofp/crti.o
LOAD c:/progra~2/gnuarm~1/102021~1.10/bin/../lib/gcc/arm-none-eabi/10.3.1/thumb/v7-m/nofp/crtbegin.o
LOAD c:/progra~2/gnuarm~1/102021~1.10/bin/../lib/gcc/arm-none-eabi/10.3.1/../../../../arm-none-eabi/lib/thumb/v7-m/nofp/crt0.o
LOAD CMakeFiles/RTOS_test1.elf.dir/Core/Src/gpio.c.obj
LOAD CMakeFiles/RTOS_test1.elf.dir/Core/Src/main.c.obj
LOAD CMakeFiles/RTOS_test1.elf.dir/Core/Src/retarget.c.obj
LOAD CMakeFiles/RTOS_test1.elf.dir/Core/Src/stm32f1xx_hal_msp.c.obj
LOAD CMakeFiles/RTOS_test1.elf.dir/Core/Src/stm32f1xx_it.c.obj
LOAD CMakeFiles/RTOS_test1.elf.dir/Core/Src/syscalls.c.obj
LOAD CMakeFiles/RTOS_test1.elf.dir/Core/Src/system_stm32f1xx.c.obj
LOAD CMakeFiles/RTOS_test1.elf.dir/Core/Src/usart.c.obj
LOAD CMakeFiles/RTOS_test1.elf.dir/Drivers/STM32F1xx_HAL_Driver/Src/stm32f1xx_hal.c.obj
LOAD CMakeFiles/RTOS_test1.elf.dir/Drivers/STM32F1xx_HAL_Driver/Src/stm32f1xx_hal_cortex.c.obj
LOAD CMakeFiles/RTOS_test1.elf.dir/Drivers/STM32F1xx_HAL_Driver/Src/stm32f1xx_hal_dma.c.obj
LOAD CMakeFiles/RTOS_test1.elf.dir/Drivers/STM32F1xx_HAL_Driver/Src/stm32f1xx_hal_exti.c.obj
LOAD CMakeFiles/RTOS_test1.elf.dir/Drivers/STM32F1xx_HAL_Driver/Src/stm32f1xx_hal_flash.c.obj
LOAD CMakeFiles/RTOS_test1.elf.dir/Drivers/STM32F1xx_HAL_Driver/Src/stm32f1xx_hal_flash_ex.c.obj
LOAD CMakeFiles/RTOS_test1.elf.dir/Drivers/STM32F1xx_HAL_Driver/Src/stm32f1xx_hal_gpio.c.obj
LOAD CMakeFiles/RTOS_test1.elf.dir/Drivers/STM32F1xx_HAL_Driver/Src/stm32f1xx_hal_gpio_ex.c.obj
LOAD CMakeFiles/RTOS_test1.elf.dir/Drivers/STM32F1xx_HAL_Driver/Src/stm32f1xx_hal_pwr.c.obj
LOAD CMakeFiles/RTOS_test1.elf.dir/Drivers/STM32F1xx_HAL_Driver/Src/stm32f1xx_hal_rcc.c.obj
LOAD CMakeFiles/RTOS_test1.elf.dir/Drivers/STM32F1xx_HAL_Driver/Src/stm32f1xx_hal_rcc_ex.c.obj
LOAD CMakeFiles/RTOS_test1.elf.dir/Drivers/STM32F1xx_HAL_Driver/Src/stm32f1xx_hal_tim.c.obj
LOAD CMakeFiles/RTOS_test1.elf.dir/Drivers/STM32F1xx_HAL_Driver/Src/stm32f1xx_hal_tim_ex.c.obj
LOAD CMakeFiles/RTOS_test1.elf.dir/Drivers/STM32F1xx_HAL_Driver/Src/stm32f1xx_hal_uart.c.obj
LOAD CMakeFiles/RTOS_test1.elf.dir/startup/startup_stm32f103xb.s.obj
START GROUP
LOAD c:/progra~2/gnuarm~1/102021~1.10/bin/../lib/gcc/arm-none-eabi/10.3.1/thumb/v7-m/nofp\libgcc.a
LOAD c:/progra~2/gnuarm~1/102021~1.10/bin/../lib/gcc/arm-none-eabi/10.3.1/../../../../arm-none-eabi/lib/thumb/v7-m/nofp\libg.a
LOAD c:/progra~2/gnuarm~1/102021~1.10/bin/../lib/gcc/arm-none-eabi/10.3.1/../../../../arm-none-eabi/lib/thumb/v7-m/nofp\libc.a
END GROUP
LOAD c:/progra~2/gnuarm~1/102021~1.10/bin/../lib/gcc/arm-none-eabi/10.3.1/thumb/v7-m/nofp/crtend.o
LOAD c:/progra~2/gnuarm~1/102021~1.10/bin/../lib/gcc/arm-none-eabi/10.3.1/thumb/v7-m/nofp/crtn.o
                0x20005000                _estack = 0x20005000
                0x00000200                _Min_Heap_Size = 0x200
                0x00000400                _Min_Stack_Size = 0x400

.isr_vector     0x08000000      0x10c
                0x08000000                . = ALIGN (0x4)
 *(.isr_vector)
 .isr_vector    0x08000000      0x10c CMakeFiles/RTOS_test1.elf.dir/startup/startup_stm32f103xb.s.obj
                0x08000000                g_pfnVectors
                0x0800010c                . = ALIGN (0x4)

.text           0x0800010c     0x21b8
                0x0800010c                . = ALIGN (0x4)
 *(.text)
 .text          0x0800010c       0x40 c:/progra~2/gnuarm~1/102021~1.10/bin/../lib/gcc/arm-none-eabi/10.3.1/thumb/v7-m/nofp/crtbegin.o
 *(.text*)
 .text.MX_GPIO_Init
                0x0800014c       0x44 CMakeFiles/RTOS_test1.elf.dir/Core/Src/gpio.c.obj
                0x0800014c                MX_GPIO_Init
 .text.Error_Handler
                0x08000190        0x4 CMakeFiles/RTOS_test1.elf.dir/Core/Src/main.c.obj
                0x08000190                Error_Handler
 .text.SystemClock_Config
                0x08000194       0x52 CMakeFiles/RTOS_test1.elf.dir/Core/Src/main.c.obj
                0x08000194                SystemClock_Config
 *fill*         0x080001e6        0x2 
 .text.main     0x080001e8       0x20 CMakeFiles/RTOS_test1.elf.dir/Core/Src/main.c.obj
                0x080001e8                main
 .text.RetargetInit
                0x08000208       0x20 CMakeFiles/RTOS_test1.elf.dir/Core/Src/retarget.c.obj
                0x08000208                RetargetInit
 .text._write   0x08000228       0x34 CMakeFiles/RTOS_test1.elf.dir/Core/Src/retarget.c.obj
                0x08000228                _write
 .text._close   0x0800025c       0x18 CMakeFiles/RTOS_test1.elf.dir/Core/Src/retarget.c.obj
                0x0800025c                _close
 .text._lseek   0x08000274       0x10 CMakeFiles/RTOS_test1.elf.dir/Core/Src/retarget.c.obj
                0x08000274                _lseek
 .text._read    0x08000284       0x30 CMakeFiles/RTOS_test1.elf.dir/Core/Src/retarget.c.obj
                0x08000284                _read
 .text._fstat   0x080002b4       0x1a CMakeFiles/RTOS_test1.elf.dir/Core/Src/retarget.c.obj
                0x080002b4                _fstat
 *fill*         0x080002ce        0x2 
 .text.HAL_MspInit
                0x080002d0       0x44 CMakeFiles/RTOS_test1.elf.dir/Core/Src/stm32f1xx_hal_msp.c.obj
                0x080002d0                HAL_MspInit
 .text.NMI_Handler
                0x08000314        0x2 CMakeFiles/RTOS_test1.elf.dir/Core/Src/stm32f1xx_it.c.obj
                0x08000314                NMI_Handler
 .text.HardFault_Handler
                0x08000316        0x2 CMakeFiles/RTOS_test1.elf.dir/Core/Src/stm32f1xx_it.c.obj
                0x08000316                HardFault_Handler
 .text.MemManage_Handler
                0x08000318        0x2 CMakeFiles/RTOS_test1.elf.dir/Core/Src/stm32f1xx_it.c.obj
                0x08000318                MemManage_Handler
 .text.BusFault_Handler
                0x0800031a        0x2 CMakeFiles/RTOS_test1.elf.dir/Core/Src/stm32f1xx_it.c.obj
                0x0800031a                BusFault_Handler
 .text.UsageFault_Handler
                0x0800031c        0x2 CMakeFiles/RTOS_test1.elf.dir/Core/Src/stm32f1xx_it.c.obj
                0x0800031c                UsageFault_Handler
 .text.SVC_Handler
                0x0800031e        0x2 CMakeFiles/RTOS_test1.elf.dir/Core/Src/stm32f1xx_it.c.obj
                0x0800031e                SVC_Handler
 .text.DebugMon_Handler
                0x08000320        0x2 CMakeFiles/RTOS_test1.elf.dir/Core/Src/stm32f1xx_it.c.obj
                0x08000320                DebugMon_Handler
 .text.PendSV_Handler
                0x08000322        0x2 CMakeFiles/RTOS_test1.elf.dir/Core/Src/stm32f1xx_it.c.obj
                0x08000322                PendSV_Handler
 .text.SysTick_Handler
                0x08000324        0x8 CMakeFiles/RTOS_test1.elf.dir/Core/Src/stm32f1xx_it.c.obj
                0x08000324                SysTick_Handler
 .text._sbrk    0x0800032c       0x3c CMakeFiles/RTOS_test1.elf.dir/Core/Src/syscalls.c.obj
                0x0800032c                _sbrk
 .text.SystemInit
                0x08000368        0x2 CMakeFiles/RTOS_test1.elf.dir/Core/Src/system_stm32f1xx.c.obj
                0x08000368                SystemInit
 *fill*         0x0800036a        0x2 
 .text.MX_USART1_UART_Init
                0x0800036c       0x34 CMakeFiles/RTOS_test1.elf.dir/Core/Src/usart.c.obj
                0x0800036c                MX_USART1_UART_Init
 .text.HAL_UART_MspInit
                0x080003a0       0x78 CMakeFiles/RTOS_test1.elf.dir/Core/Src/usart.c.obj
                0x080003a0                HAL_UART_MspInit
 .text.HAL_InitTick
                0x08000418       0x4c CMakeFiles/RTOS_test1.elf.dir/Drivers/STM32F1xx_HAL_Driver/Src/stm32f1xx_hal.c.obj
                0x08000418                HAL_InitTick
 .text.HAL_Init
                0x08000464       0x24 CMakeFiles/RTOS_test1.elf.dir/Drivers/STM32F1xx_HAL_Driver/Src/stm32f1xx_hal.c.obj
                0x08000464                HAL_Init
 .text.HAL_IncTick
                0x08000488       0x18 CMakeFiles/RTOS_test1.elf.dir/Drivers/STM32F1xx_HAL_Driver/Src/stm32f1xx_hal.c.obj
                0x08000488                HAL_IncTick
 .text.HAL_GetTick
                0x080004a0        0xc CMakeFiles/RTOS_test1.elf.dir/Drivers/STM32F1xx_HAL_Driver/Src/stm32f1xx_hal.c.obj
                0x080004a0                HAL_GetTick
 .text.HAL_NVIC_SetPriorityGrouping
                0x080004ac       0x24 CMakeFiles/RTOS_test1.elf.dir/Drivers/STM32F1xx_HAL_Driver/Src/stm32f1xx_hal_cortex.c.obj
                0x080004ac                HAL_NVIC_SetPriorityGrouping
 .text.HAL_NVIC_SetPriority
                0x080004d0       0x70 CMakeFiles/RTOS_test1.elf.dir/Drivers/STM32F1xx_HAL_Driver/Src/stm32f1xx_hal_cortex.c.obj
                0x080004d0                HAL_NVIC_SetPriority
 .text.HAL_SYSTICK_Config
                0x08000540       0x28 CMakeFiles/RTOS_test1.elf.dir/Drivers/STM32F1xx_HAL_Driver/Src/stm32f1xx_hal_cortex.c.obj
                0x08000540                HAL_SYSTICK_Config
 .text.HAL_GPIO_Init
                0x08000568      0x224 CMakeFiles/RTOS_test1.elf.dir/Drivers/STM32F1xx_HAL_Driver/Src/stm32f1xx_hal_gpio.c.obj
                0x08000568                HAL_GPIO_Init
 .text.RCC_Delay
                0x0800078c       0x2c CMakeFiles/RTOS_test1.elf.dir/Drivers/STM32F1xx_HAL_Driver/Src/stm32f1xx_hal_rcc.c.obj
 .text.HAL_RCC_OscConfig
                0x080007b8      0x410 CMakeFiles/RTOS_test1.elf.dir/Drivers/STM32F1xx_HAL_Driver/Src/stm32f1xx_hal_rcc.c.obj
                0x080007b8                HAL_RCC_OscConfig
 .text.HAL_RCC_GetSysClockFreq
                0x08000bc8       0x70 CMakeFiles/RTOS_test1.elf.dir/Drivers/STM32F1xx_HAL_Driver/Src/stm32f1xx_hal_rcc.c.obj
                0x08000bc8                HAL_RCC_GetSysClockFreq
 .text.HAL_RCC_ClockConfig
                0x08000c38      0x16c CMakeFiles/RTOS_test1.elf.dir/Drivers/STM32F1xx_HAL_Driver/Src/stm32f1xx_hal_rcc.c.obj
                0x08000c38                HAL_RCC_ClockConfig
 .text.HAL_RCC_GetHCLKFreq
                0x08000da4        0xc CMakeFiles/RTOS_test1.elf.dir/Drivers/STM32F1xx_HAL_Driver/Src/stm32f1xx_hal_rcc.c.obj
                0x08000da4                HAL_RCC_GetHCLKFreq
 .text.HAL_RCC_GetPCLK1Freq
                0x08000db0       0x20 CMakeFiles/RTOS_test1.elf.dir/Drivers/STM32F1xx_HAL_Driver/Src/stm32f1xx_hal_rcc.c.obj
                0x08000db0                HAL_RCC_GetPCLK1Freq
 .text.HAL_RCC_GetPCLK2Freq
                0x08000dd0       0x20 CMakeFiles/RTOS_test1.elf.dir/Drivers/STM32F1xx_HAL_Driver/Src/stm32f1xx_hal_rcc.c.obj
                0x08000dd0                HAL_RCC_GetPCLK2Freq
 .text.UART_SetConfig
                0x08000df0       0x94 CMakeFiles/RTOS_test1.elf.dir/Drivers/STM32F1xx_HAL_Driver/Src/stm32f1xx_hal_uart.c.obj
 .text.UART_WaitOnFlagUntilTimeout
                0x08000e84       0x6c CMakeFiles/RTOS_test1.elf.dir/Drivers/STM32F1xx_HAL_Driver/Src/stm32f1xx_hal_uart.c.obj
 .text.HAL_UART_Init
                0x08000ef0       0x5e CMakeFiles/RTOS_test1.elf.dir/Drivers/STM32F1xx_HAL_Driver/Src/stm32f1xx_hal_uart.c.obj
                0x08000ef0                HAL_UART_Init
 .text.HAL_UART_Transmit
                0x08000f4e       0xd8 CMakeFiles/RTOS_test1.elf.dir/Drivers/STM32F1xx_HAL_Driver/Src/stm32f1xx_hal_uart.c.obj
                0x08000f4e                HAL_UART_Transmit
 .text.HAL_UART_Receive
                0x08001026       0xe4 CMakeFiles/RTOS_test1.elf.dir/Drivers/STM32F1xx_HAL_Driver/Src/stm32f1xx_hal_uart.c.obj
                0x08001026                HAL_UART_Receive
 *fill*         0x0800110a        0x2 
 .text.Reset_Handler
                0x0800110c       0x48 CMakeFiles/RTOS_test1.elf.dir/startup/startup_stm32f103xb.s.obj
                0x0800110c                Reset_Handler
 .text.Default_Handler
                0x08001154        0x2 CMakeFiles/RTOS_test1.elf.dir/startup/startup_stm32f103xb.s.obj
                0x08001154                RTC_Alarm_IRQHandler
                0x08001154                EXTI2_IRQHandler
                0x08001154                TIM1_CC_IRQHandler
                0x08001154                PVD_IRQHandler
                0x08001154                EXTI3_IRQHandler
                0x08001154                EXTI0_IRQHandler
                0x08001154                I2C2_EV_IRQHandler
                0x08001154                ADC1_2_IRQHandler
                0x08001154                SPI1_IRQHandler
                0x08001154                TAMPER_IRQHandler
                0x08001154                DMA1_Channel4_IRQHandler
                0x08001154                USART3_IRQHandler
                0x08001154                RTC_IRQHandler
                0x08001154                DMA1_Channel7_IRQHandler
                0x08001154                CAN1_RX1_IRQHandler
                0x08001154                TIM4_IRQHandler
                0x08001154                I2C1_EV_IRQHandler
                0x08001154                DMA1_Channel6_IRQHandler
                0x08001154                TIM3_IRQHandler
                0x08001154                RCC_IRQHandler
                0x08001154                TIM1_TRG_COM_IRQHandler
                0x08001154                DMA1_Channel1_IRQHandler
                0x08001154                Default_Handler
                0x08001154                EXTI15_10_IRQHandler
                0x08001154                EXTI9_5_IRQHandler
                0x08001154                SPI2_IRQHandler
                0x08001154                DMA1_Channel5_IRQHandler
                0x08001154                EXTI4_IRQHandler
                0x08001154                USB_LP_CAN1_RX0_IRQHandler
                0x08001154                USB_HP_CAN1_TX_IRQHandler
                0x08001154                DMA1_Channel3_IRQHandler
                0x08001154                TIM1_UP_IRQHandler
                0x08001154                WWDG_IRQHandler
                0x08001154                TIM2_IRQHandler
                0x08001154                TIM1_BRK_IRQHandler
                0x08001154                EXTI1_IRQHandler
                0x08001154                USART2_IRQHandler
                0x08001154                I2C2_ER_IRQHandler
                0x08001154                DMA1_Channel2_IRQHandler
                0x08001154                CAN1_SCE_IRQHandler
                0x08001154                FLASH_IRQHandler
                0x08001154                USART1_IRQHandler
                0x08001154                I2C1_ER_IRQHandler
                0x08001154                USBWakeUp_IRQHandler
 *fill*         0x08001156        0x2 
 .text.__errno  0x08001158        0xc c:/progra~2/gnuarm~1/102021~1.10/bin/../lib/gcc/arm-none-eabi/10.3.1/../../../../arm-none-eabi/lib/thumb/v7-m/nofp\libg.a(lib_a-errno.o)
                0x08001158                __errno
 .text.__libc_init_array
                0x08001164       0x48 c:/progra~2/gnuarm~1/102021~1.10/bin/../lib/gcc/arm-none-eabi/10.3.1/../../../../arm-none-eabi/lib/thumb/v7-m/nofp\libg.a(lib_a-init.o)
                0x08001164                __libc_init_array
 .text.memset   0x080011ac       0xa4 c:/progra~2/gnuarm~1/102021~1.10/bin/../lib/gcc/arm-none-eabi/10.3.1/../../../../arm-none-eabi/lib/thumb/v7-m/nofp\libg.a(lib_a-memset.o)
                0x080011ac                memset
 .text.setvbuf  0x08001250      0x1b0 c:/progra~2/gnuarm~1/102021~1.10/bin/../lib/gcc/arm-none-eabi/10.3.1/../../../../arm-none-eabi/lib/thumb/v7-m/nofp\libg.a(lib_a-setvbuf.o)
                0x08001250                setvbuf
 .text.startup.register_fini
                0x08001400       0x14 c:/progra~2/gnuarm~1/102021~1.10/bin/../lib/gcc/arm-none-eabi/10.3.1/../../../../arm-none-eabi/lib/thumb/v7-m/nofp\libg.a(lib_a-__call_atexit.o)
 .text.atexit   0x08001414        0xc c:/progra~2/gnuarm~1/102021~1.10/bin/../lib/gcc/arm-none-eabi/10.3.1/../../../../arm-none-eabi/lib/thumb/v7-m/nofp\libg.a(lib_a-atexit.o)
                0x08001414                atexit
 .text.__sflush_r
                0x08001420      0x124 c:/progra~2/gnuarm~1/102021~1.10/bin/../lib/gcc/arm-none-eabi/10.3.1/../../../../arm-none-eabi/lib/thumb/v7-m/nofp\libg.a(lib_a-fflush.o)
                0x08001420                __sflush_r
 .text._fflush_r
                0x08001544       0x5c c:/progra~2/gnuarm~1/102021~1.10/bin/../lib/gcc/arm-none-eabi/10.3.1/../../../../arm-none-eabi/lib/thumb/v7-m/nofp\libg.a(lib_a-fflush.o)
                0x08001544                _fflush_r
 .text._cleanup_r
                0x080015a0        0xc c:/progra~2/gnuarm~1/102021~1.10/bin/../lib/gcc/arm-none-eabi/10.3.1/../../../../arm-none-eabi/lib/thumb/v7-m/nofp\libg.a(lib_a-findfp.o)
                0x080015a0                _cleanup_r
 .text.__sinit  0x080015ac      0x10c c:/progra~2/gnuarm~1/102021~1.10/bin/../lib/gcc/arm-none-eabi/10.3.1/../../../../arm-none-eabi/lib/thumb/v7-m/nofp\libg.a(lib_a-findfp.o)
                0x080015ac                __sinit
 .text.__sfp_lock_acquire
                0x080016b8        0xc c:/progra~2/gnuarm~1/102021~1.10/bin/../lib/gcc/arm-none-eabi/10.3.1/../../../../arm-none-eabi/lib/thumb/v7-m/nofp\libg.a(lib_a-findfp.o)
                0x080016b8                __sfp_lock_acquire
 .text.__sfp_lock_release
                0x080016c4        0xc c:/progra~2/gnuarm~1/102021~1.10/bin/../lib/gcc/arm-none-eabi/10.3.1/../../../../arm-none-eabi/lib/thumb/v7-m/nofp\libg.a(lib_a-findfp.o)
                0x080016c4                __sfp_lock_release
 .text.__libc_fini_array
                0x080016d0       0x2c c:/progra~2/gnuarm~1/102021~1.10/bin/../lib/gcc/arm-none-eabi/10.3.1/../../../../arm-none-eabi/lib/thumb/v7-m/nofp\libg.a(lib_a-fini.o)
                0x080016d0                __libc_fini_array
 .text._malloc_trim_r
                0x080016fc       0xa0 c:/progra~2/gnuarm~1/102021~1.10/bin/../lib/gcc/arm-none-eabi/10.3.1/../../../../arm-none-eabi/lib/thumb/v7-m/nofp\libg.a(lib_a-freer.o)
                0x080016fc                _malloc_trim_r
 .text._free_r  0x0800179c      0x200 c:/progra~2/gnuarm~1/102021~1.10/bin/../lib/gcc/arm-none-eabi/10.3.1/../../../../arm-none-eabi/lib/thumb/v7-m/nofp\libg.a(lib_a-freer.o)
                0x0800179c                _free_r
 .text._fwalk_reent
                0x0800199c       0x48 c:/progra~2/gnuarm~1/102021~1.10/bin/../lib/gcc/arm-none-eabi/10.3.1/../../../../arm-none-eabi/lib/thumb/v7-m/nofp\libg.a(lib_a-fwalk.o)
                0x0800199c                _fwalk_reent
 .text.__retarget_lock_init_recursive
                0x080019e4        0x4 c:/progra~2/gnuarm~1/102021~1.10/bin/../lib/gcc/arm-none-eabi/10.3.1/../../../../arm-none-eabi/lib/thumb/v7-m/nofp\libg.a(lib_a-lock.o)
                0x080019e4                __retarget_lock_init_recursive
 .text.__retarget_lock_close_recursive
                0x080019e8        0x4 c:/progra~2/gnuarm~1/102021~1.10/bin/../lib/gcc/arm-none-eabi/10.3.1/../../../../arm-none-eabi/lib/thumb/v7-m/nofp\libg.a(lib_a-lock.o)
                0x080019e8                __retarget_lock_close_recursive
 .text.__retarget_lock_acquire_recursive
                0x080019ec        0x4 c:/progra~2/gnuarm~1/102021~1.10/bin/../lib/gcc/arm-none-eabi/10.3.1/../../../../arm-none-eabi/lib/thumb/v7-m/nofp\libg.a(lib_a-lock.o)
                0x080019ec                __retarget_lock_acquire_recursive
 .text.__retarget_lock_release_recursive
                0x080019f0        0x4 c:/progra~2/gnuarm~1/102021~1.10/bin/../lib/gcc/arm-none-eabi/10.3.1/../../../../arm-none-eabi/lib/thumb/v7-m/nofp\libg.a(lib_a-lock.o)
                0x080019f0                __retarget_lock_release_recursive
 .text.__swhatbuf_r
                0x080019f4       0x60 c:/progra~2/gnuarm~1/102021~1.10/bin/../lib/gcc/arm-none-eabi/10.3.1/../../../../arm-none-eabi/lib/thumb/v7-m/nofp\libg.a(lib_a-makebuf.o)
                0x080019f4                __swhatbuf_r
 .text.malloc   0x08001a54       0x10 c:/progra~2/gnuarm~1/102021~1.10/bin/../lib/gcc/arm-none-eabi/10.3.1/../../../../arm-none-eabi/lib/thumb/v7-m/nofp\libg.a(lib_a-malloc.o)
                0x08001a54                malloc
 .text._malloc_r
                0x08001a64      0x558 c:/progra~2/gnuarm~1/102021~1.10/bin/../lib/gcc/arm-none-eabi/10.3.1/../../../../arm-none-eabi/lib/thumb/v7-m/nofp\libg.a(lib_a-mallocr.o)
                0x08001a64                _malloc_r
 .text.__malloc_lock
                0x08001fbc        0xc c:/progra~2/gnuarm~1/102021~1.10/bin/../lib/gcc/arm-none-eabi/10.3.1/../../../../arm-none-eabi/lib/thumb/v7-m/nofp\libg.a(lib_a-mlock.o)
                0x08001fbc                __malloc_lock
 .text.__malloc_unlock
                0x08001fc8        0xc c:/progra~2/gnuarm~1/102021~1.10/bin/../lib/gcc/arm-none-eabi/10.3.1/../../../../arm-none-eabi/lib/thumb/v7-m/nofp\libg.a(lib_a-mlock.o)
                0x08001fc8                __malloc_unlock
 .text._sbrk_r  0x08001fd4       0x24 c:/progra~2/gnuarm~1/102021~1.10/bin/../lib/gcc/arm-none-eabi/10.3.1/../../../../arm-none-eabi/lib/thumb/v7-m/nofp\libg.a(lib_a-sbrkr.o)
                0x08001fd4                _sbrk_r
 .text.__sread  0x08001ff8       0x24 c:/progra~2/gnuarm~1/102021~1.10/bin/../lib/gcc/arm-none-eabi/10.3.1/../../../../arm-none-eabi/lib/thumb/v7-m/nofp\libg.a(lib_a-stdio.o)
                0x08001ff8                __sread
 .text.__swrite
                0x0800201c       0x40 c:/progra~2/gnuarm~1/102021~1.10/bin/../lib/gcc/arm-none-eabi/10.3.1/../../../../arm-none-eabi/lib/thumb/v7-m/nofp\libg.a(lib_a-stdio.o)
                0x0800201c                __swrite
 .text.__sseek  0x0800205c       0x20 c:/progra~2/gnuarm~1/102021~1.10/bin/../lib/gcc/arm-none-eabi/10.3.1/../../../../arm-none-eabi/lib/thumb/v7-m/nofp\libg.a(lib_a-stdio.o)
                0x0800205c                __sseek
 .text.__sclose
                0x0800207c        0x8 c:/progra~2/gnuarm~1/102021~1.10/bin/../lib/gcc/arm-none-eabi/10.3.1/../../../../arm-none-eabi/lib/thumb/v7-m/nofp\libg.a(lib_a-stdio.o)
                0x0800207c                __sclose
 .text._write_r
                0x08002084       0x2c c:/progra~2/gnuarm~1/102021~1.10/bin/../lib/gcc/arm-none-eabi/10.3.1/../../../../arm-none-eabi/lib/thumb/v7-m/nofp\libg.a(lib_a-writer.o)
                0x08002084                _write_r
 .text.__register_exitproc
                0x080020b0       0x8c c:/progra~2/gnuarm~1/102021~1.10/bin/../lib/gcc/arm-none-eabi/10.3.1/../../../../arm-none-eabi/lib/thumb/v7-m/nofp\libg.a(lib_a-__atexit.o)
                0x080020b0                __register_exitproc
 .text._close_r
                0x0800213c       0x24 c:/progra~2/gnuarm~1/102021~1.10/bin/../lib/gcc/arm-none-eabi/10.3.1/../../../../arm-none-eabi/lib/thumb/v7-m/nofp\libg.a(lib_a-closer.o)
                0x0800213c                _close_r
 .text._fclose_r
                0x08002160       0xcc c:/progra~2/gnuarm~1/102021~1.10/bin/../lib/gcc/arm-none-eabi/10.3.1/../../../../arm-none-eabi/lib/thumb/v7-m/nofp\libg.a(lib_a-fclose.o)
                0x08002160                _fclose_r
 .text._fstat_r
                0x0800222c       0x28 c:/progra~2/gnuarm~1/102021~1.10/bin/../lib/gcc/arm-none-eabi/10.3.1/../../../../arm-none-eabi/lib/thumb/v7-m/nofp\libg.a(lib_a-fstatr.o)
                0x0800222c                _fstat_r
 .text._lseek_r
                0x08002254       0x2c c:/progra~2/gnuarm~1/102021~1.10/bin/../lib/gcc/arm-none-eabi/10.3.1/../../../../arm-none-eabi/lib/thumb/v7-m/nofp\libg.a(lib_a-lseekr.o)
                0x08002254                _lseek_r
 .text._read_r  0x08002280       0x2c c:/progra~2/gnuarm~1/102021~1.10/bin/../lib/gcc/arm-none-eabi/10.3.1/../../../../arm-none-eabi/lib/thumb/v7-m/nofp\libg.a(lib_a-readr.o)
                0x08002280                _read_r
 *(.glue_7)
 .glue_7        0x080022ac        0x0 linker stubs
 *(.glue_7t)
 .glue_7t       0x080022ac        0x0 linker stubs
 *(.eh_frame)
 .eh_frame      0x080022ac        0x0 c:/progra~2/gnuarm~1/102021~1.10/bin/../lib/gcc/arm-none-eabi/10.3.1/thumb/v7-m/nofp/crtbegin.o
 *(.init)
 .init          0x080022ac        0x4 c:/progra~2/gnuarm~1/102021~1.10/bin/../lib/gcc/arm-none-eabi/10.3.1/thumb/v7-m/nofp/crti.o
                0x080022ac                _init
 .init          0x080022b0        0x8 c:/progra~2/gnuarm~1/102021~1.10/bin/../lib/gcc/arm-none-eabi/10.3.1/thumb/v7-m/nofp/crtn.o
 *(.fini)
 .fini          0x080022b8        0x4 c:/progra~2/gnuarm~1/102021~1.10/bin/../lib/gcc/arm-none-eabi/10.3.1/thumb/v7-m/nofp/crti.o
                0x080022b8                _fini
 .fini          0x080022bc        0x8 c:/progra~2/gnuarm~1/102021~1.10/bin/../lib/gcc/arm-none-eabi/10.3.1/thumb/v7-m/nofp/crtn.o
                0x080022c4                . = ALIGN (0x4)
                0x080022c4                _etext = .

.vfp11_veneer   0x080022c4        0x0
 .vfp11_veneer  0x080022c4        0x0 linker stubs

.v4_bx          0x080022c4        0x0
 .v4_bx         0x080022c4        0x0 linker stubs

.iplt           0x080022c4        0x0
 .iplt          0x080022c4        0x0 c:/progra~2/gnuarm~1/102021~1.10/bin/../lib/gcc/arm-none-eabi/10.3.1/thumb/v7-m/nofp/crtbegin.o

.rodata         0x080022c4       0x30
                0x080022c4                . = ALIGN (0x4)
 *(.rodata)
 *(.rodata*)
 .rodata.AHBPrescTable
                0x080022c4       0x10 CMakeFiles/RTOS_test1.elf.dir/Core/Src/system_stm32f1xx.c.obj
                0x080022c4                AHBPrescTable
 .rodata.APBPrescTable
                0x080022d4        0x8 CMakeFiles/RTOS_test1.elf.dir/Core/Src/system_stm32f1xx.c.obj
                0x080022d4                APBPrescTable
 .rodata.HAL_RCC_GetSysClockFreq.str1.4
                0x080022dc       0x11 CMakeFiles/RTOS_test1.elf.dir/Drivers/STM32F1xx_HAL_Driver/Src/stm32f1xx_hal_rcc.c.obj
 *fill*         0x080022ed        0x3 
 .rodata._global_impure_ptr
                0x080022f0        0x4 c:/progra~2/gnuarm~1/102021~1.10/bin/../lib/gcc/arm-none-eabi/10.3.1/../../../../arm-none-eabi/lib/thumb/v7-m/nofp\libg.a(lib_a-impure.o)
                0x080022f0                _global_impure_ptr
                0x080022f4                . = ALIGN (0x4)

.rel.dyn        0x080022f4        0x0
 .rel.iplt      0x080022f4        0x0 c:/progra~2/gnuarm~1/102021~1.10/bin/../lib/gcc/arm-none-eabi/10.3.1/thumb/v7-m/nofp/crtbegin.o

.ARM.extab
 *(.ARM.extab* .gnu.linkonce.armextab.*)

.ARM            0x080022f4        0x0
                0x080022f4                __exidx_start = .
 *(.ARM.exidx*)
                0x080022f4                __exidx_end = .

.preinit_array  0x080022f4        0x0
                0x080022f4                PROVIDE (__preinit_array_start = .)
 *(.preinit_array*)
                0x080022f4                PROVIDE (__preinit_array_end = .)

.init_array     0x080022f4        0x8
                0x080022f4                PROVIDE (__init_array_start = .)
 *(SORT_BY_NAME(.init_array.*))
 .init_array.00000
                0x080022f4        0x4 c:/progra~2/gnuarm~1/102021~1.10/bin/../lib/gcc/arm-none-eabi/10.3.1/../../../../arm-none-eabi/lib/thumb/v7-m/nofp\libg.a(lib_a-__call_atexit.o)
 *(.init_array*)
 .init_array    0x080022f8        0x4 c:/progra~2/gnuarm~1/102021~1.10/bin/../lib/gcc/arm-none-eabi/10.3.1/thumb/v7-m/nofp/crtbegin.o
                0x080022fc                PROVIDE (__init_array_end = .)

.fini_array     0x080022fc        0x4
                0x080022fc                PROVIDE (__fini_array_start = .)
 *(SORT_BY_NAME(.fini_array.*))
 *(.fini_array*)
 .fini_array    0x080022fc        0x4 c:/progra~2/gnuarm~1/102021~1.10/bin/../lib/gcc/arm-none-eabi/10.3.1/thumb/v7-m/nofp/crtbegin.o
                0x08002300                PROVIDE (__fini_array_end = .)
                0x08002300                _sidata = LOADADDR (.data)

.data           0x20000000      0x84c load address 0x08002300
                0x20000000                . = ALIGN (0x4)
                0x20000000                _sdata = .
 *(.data)
 *(.data*)
 .data.SystemCoreClock
                0x20000000        0x4 CMakeFiles/RTOS_test1.elf.dir/Core/Src/system_stm32f1xx.c.obj
                0x20000000                SystemCoreClock
 .data.uwTickFreq
                0x20000004        0x1 CMakeFiles/RTOS_test1.elf.dir/Drivers/STM32F1xx_HAL_Driver/Src/stm32f1xx_hal.c.obj
                0x20000004                uwTickFreq
 *fill*         0x20000005        0x3 
 .data.uwTickPrio
                0x20000008        0x4 CMakeFiles/RTOS_test1.elf.dir/Drivers/STM32F1xx_HAL_Driver/Src/stm32f1xx_hal.c.obj
                0x20000008                uwTickPrio
 .data._impure_ptr
                0x2000000c        0x4 c:/progra~2/gnuarm~1/102021~1.10/bin/../lib/gcc/arm-none-eabi/10.3.1/../../../../arm-none-eabi/lib/thumb/v7-m/nofp\libg.a(lib_a-impure.o)
                0x2000000c                _impure_ptr
 .data.impure_data
                0x20000010      0x428 c:/progra~2/gnuarm~1/102021~1.10/bin/../lib/gcc/arm-none-eabi/10.3.1/../../../../arm-none-eabi/lib/thumb/v7-m/nofp\libg.a(lib_a-impure.o)
 .data.__atexit_recursive_mutex
                0x20000438        0x4 c:/progra~2/gnuarm~1/102021~1.10/bin/../lib/gcc/arm-none-eabi/10.3.1/../../../../arm-none-eabi/lib/thumb/v7-m/nofp\libg.a(lib_a-__call_atexit.o)
                0x20000438                __atexit_recursive_mutex
 .data.__malloc_av_
                0x2000043c      0x408 c:/progra~2/gnuarm~1/102021~1.10/bin/../lib/gcc/arm-none-eabi/10.3.1/../../../../arm-none-eabi/lib/thumb/v7-m/nofp\libg.a(lib_a-mallocr.o)
                0x2000043c                __malloc_av_
 .data.__malloc_sbrk_base
                0x20000844        0x4 c:/progra~2/gnuarm~1/102021~1.10/bin/../lib/gcc/arm-none-eabi/10.3.1/../../../../arm-none-eabi/lib/thumb/v7-m/nofp\libg.a(lib_a-mallocr.o)
                0x20000844                __malloc_sbrk_base
 .data.__malloc_trim_threshold
                0x20000848        0x4 c:/progra~2/gnuarm~1/102021~1.10/bin/../lib/gcc/arm-none-eabi/10.3.1/../../../../arm-none-eabi/lib/thumb/v7-m/nofp\libg.a(lib_a-mallocr.o)
                0x20000848                __malloc_trim_threshold
                0x2000084c                . = ALIGN (0x4)
                0x2000084c                _edata = .

.igot.plt       0x2000084c        0x0 load address 0x08002b4c
 .igot.plt      0x2000084c        0x0 c:/progra~2/gnuarm~1/102021~1.10/bin/../lib/gcc/arm-none-eabi/10.3.1/thumb/v7-m/nofp/crtbegin.o
                0x2000084c                . = ALIGN (0x4)

.bss            0x2000084c       0xb4 load address 0x08002b4c
                0x2000084c                _sbss = .
                0x2000084c                __bss_start__ = _sbss
 *(.bss)
 .bss           0x2000084c       0x1c c:/progra~2/gnuarm~1/102021~1.10/bin/../lib/gcc/arm-none-eabi/10.3.1/thumb/v7-m/nofp/crtbegin.o
 *(.bss*)
 .bss.gHuart    0x20000868        0x4 CMakeFiles/RTOS_test1.elf.dir/Core/Src/retarget.c.obj
                0x20000868                gHuart
 .bss.heap_end.0
                0x2000086c        0x4 CMakeFiles/RTOS_test1.elf.dir/Core/Src/syscalls.c.obj
 .bss.huart1    0x20000870       0x44 CMakeFiles/RTOS_test1.elf.dir/Core/Src/usart.c.obj
                0x20000870                huart1
 .bss.uwTick    0x200008b4        0x4 CMakeFiles/RTOS_test1.elf.dir/Drivers/STM32F1xx_HAL_Driver/Src/stm32f1xx_hal.c.obj
                0x200008b4                uwTick
 .bss.__lock___atexit_recursive_mutex
                0x200008b8        0x1 c:/progra~2/gnuarm~1/102021~1.10/bin/../lib/gcc/arm-none-eabi/10.3.1/../../../../arm-none-eabi/lib/thumb/v7-m/nofp\libg.a(lib_a-lock.o)
                0x200008b8                __lock___atexit_recursive_mutex
 *fill*         0x200008b9        0x3 
 .bss.__lock___malloc_recursive_mutex
                0x200008bc        0x1 c:/progra~2/gnuarm~1/102021~1.10/bin/../lib/gcc/arm-none-eabi/10.3.1/../../../../arm-none-eabi/lib/thumb/v7-m/nofp\libg.a(lib_a-lock.o)
                0x200008bc                __lock___malloc_recursive_mutex
 *fill*         0x200008bd        0x3 
 .bss.__lock___sfp_recursive_mutex
                0x200008c0        0x1 c:/progra~2/gnuarm~1/102021~1.10/bin/../lib/gcc/arm-none-eabi/10.3.1/../../../../arm-none-eabi/lib/thumb/v7-m/nofp\libg.a(lib_a-lock.o)
                0x200008c0                __lock___sfp_recursive_mutex
 *fill*         0x200008c1        0x3 
 .bss.__lock___sinit_recursive_mutex
                0x200008c4        0x1 c:/progra~2/gnuarm~1/102021~1.10/bin/../lib/gcc/arm-none-eabi/10.3.1/../../../../arm-none-eabi/lib/thumb/v7-m/nofp\libg.a(lib_a-lock.o)
                0x200008c4                __lock___sinit_recursive_mutex
 *fill*         0x200008c5        0x3 
 .bss.__malloc_current_mallinfo
                0x200008c8       0x28 c:/progra~2/gnuarm~1/102021~1.10/bin/../lib/gcc/arm-none-eabi/10.3.1/../../../../arm-none-eabi/lib/thumb/v7-m/nofp\libg.a(lib_a-mallocr.o)
                0x200008c8                __malloc_current_mallinfo
 .bss.__malloc_max_sbrked_mem
                0x200008f0        0x4 c:/progra~2/gnuarm~1/102021~1.10/bin/../lib/gcc/arm-none-eabi/10.3.1/../../../../arm-none-eabi/lib/thumb/v7-m/nofp\libg.a(lib_a-mallocr.o)
                0x200008f0                __malloc_max_sbrked_mem
 .bss.__malloc_max_total_mem
                0x200008f4        0x4 c:/progra~2/gnuarm~1/102021~1.10/bin/../lib/gcc/arm-none-eabi/10.3.1/../../../../arm-none-eabi/lib/thumb/v7-m/nofp\libg.a(lib_a-mallocr.o)
                0x200008f4                __malloc_max_total_mem
 .bss.__malloc_top_pad
                0x200008f8        0x4 c:/progra~2/gnuarm~1/102021~1.10/bin/../lib/gcc/arm-none-eabi/10.3.1/../../../../arm-none-eabi/lib/thumb/v7-m/nofp\libg.a(lib_a-mallocr.o)
                0x200008f8                __malloc_top_pad
 .bss.errno     0x200008fc        0x4 c:/progra~2/gnuarm~1/102021~1.10/bin/../lib/gcc/arm-none-eabi/10.3.1/../../../../arm-none-eabi/lib/thumb/v7-m/nofp\libg.a(lib_a-reent.o)
                0x200008fc                errno
 *(COMMON)
                0x20000900                . = ALIGN (0x4)
                0x20000900                _ebss = .
                0x20000900                __bss_end__ = _ebss

._user_heap_stack
                0x20000900      0x600 load address 0x08002b4c
                0x20000900                . = ALIGN (0x8)
                0x20000900                PROVIDE (end = .)
                [!provide]                PROVIDE (_end = .)
                0x20000b00                . = (. + _Min_Heap_Size)
 *fill*         0x20000900      0x200 
                0x20000f00                . = (. + _Min_Stack_Size)
 *fill*         0x20000b00      0x400 
                0x20000f00                . = ALIGN (0x8)

/DISCARD/
 libc.a(*)
 libm.a(*)
 libgcc.a(*)

.ARM.attributes
                0x00000000       0x29
 *(.ARM.attributes)
 .ARM.attributes
                0x00000000       0x1d c:/progra~2/gnuarm~1/102021~1.10/bin/../lib/gcc/arm-none-eabi/10.3.1/thumb/v7-m/nofp/crti.o
 .ARM.attributes
                0x0000001d       0x2d c:/progra~2/gnuarm~1/102021~1.10/bin/../lib/gcc/arm-none-eabi/10.3.1/thumb/v7-m/nofp/crtbegin.o
 .ARM.attributes
                0x0000004a       0x2d CMakeFiles/RTOS_test1.elf.dir/Core/Src/gpio.c.obj
 .ARM.attributes
                0x00000077       0x2d CMakeFiles/RTOS_test1.elf.dir/Core/Src/main.c.obj
 .ARM.attributes
                0x000000a4       0x2d CMakeFiles/RTOS_test1.elf.dir/Core/Src/retarget.c.obj
 .ARM.attributes
                0x000000d1       0x2d CMakeFiles/RTOS_test1.elf.dir/Core/Src/stm32f1xx_hal_msp.c.obj
 .ARM.attributes
                0x000000fe       0x2d CMakeFiles/RTOS_test1.elf.dir/Core/Src/stm32f1xx_it.c.obj
 .ARM.attributes
                0x0000012b       0x2d CMakeFiles/RTOS_test1.elf.dir/Core/Src/syscalls.c.obj
 .ARM.attributes
                0x00000158       0x2d CMakeFiles/RTOS_test1.elf.dir/Core/Src/system_stm32f1xx.c.obj
 .ARM.attributes
                0x00000185       0x2d CMakeFiles/RTOS_test1.elf.dir/Core/Src/usart.c.obj
 .ARM.attributes
                0x000001b2       0x2d CMakeFiles/RTOS_test1.elf.dir/Drivers/STM32F1xx_HAL_Driver/Src/stm32f1xx_hal.c.obj
 .ARM.attributes
                0x000001df       0x2d CMakeFiles/RTOS_test1.elf.dir/Drivers/STM32F1xx_HAL_Driver/Src/stm32f1xx_hal_cortex.c.obj
 .ARM.attributes
                0x0000020c       0x2d CMakeFiles/RTOS_test1.elf.dir/Drivers/STM32F1xx_HAL_Driver/Src/stm32f1xx_hal_gpio.c.obj
 .ARM.attributes
                0x00000239       0x2d CMakeFiles/RTOS_test1.elf.dir/Drivers/STM32F1xx_HAL_Driver/Src/stm32f1xx_hal_rcc.c.obj
 .ARM.attributes
                0x00000266       0x2d CMakeFiles/RTOS_test1.elf.dir/Drivers/STM32F1xx_HAL_Driver/Src/stm32f1xx_hal_uart.c.obj
 .ARM.attributes
                0x00000293       0x21 CMakeFiles/RTOS_test1.elf.dir/startup/startup_stm32f103xb.s.obj
 .ARM.attributes
                0x000002b4       0x2d c:/progra~2/gnuarm~1/102021~1.10/bin/../lib/gcc/arm-none-eabi/10.3.1/../../../../arm-none-eabi/lib/thumb/v7-m/nofp\libg.a(lib_a-errno.o)
 .ARM.attributes
                0x000002e1       0x2d c:/progra~2/gnuarm~1/102021~1.10/bin/../lib/gcc/arm-none-eabi/10.3.1/../../../../arm-none-eabi/lib/thumb/v7-m/nofp\libg.a(lib_a-impure.o)
 .ARM.attributes
                0x0000030e       0x2d c:/progra~2/gnuarm~1/102021~1.10/bin/../lib/gcc/arm-none-eabi/10.3.1/../../../../arm-none-eabi/lib/thumb/v7-m/nofp\libg.a(lib_a-init.o)
 .ARM.attributes
                0x0000033b       0x2d c:/progra~2/gnuarm~1/102021~1.10/bin/../lib/gcc/arm-none-eabi/10.3.1/../../../../arm-none-eabi/lib/thumb/v7-m/nofp\libg.a(lib_a-memset.o)
 .ARM.attributes
                0x00000368       0x2d c:/progra~2/gnuarm~1/102021~1.10/bin/../lib/gcc/arm-none-eabi/10.3.1/../../../../arm-none-eabi/lib/thumb/v7-m/nofp\libg.a(lib_a-setvbuf.o)
 .ARM.attributes
                0x00000395       0x2d c:/progra~2/gnuarm~1/102021~1.10/bin/../lib/gcc/arm-none-eabi/10.3.1/../../../../arm-none-eabi/lib/thumb/v7-m/nofp\libg.a(lib_a-__call_atexit.o)
 .ARM.attributes
                0x000003c2       0x2d c:/progra~2/gnuarm~1/102021~1.10/bin/../lib/gcc/arm-none-eabi/10.3.1/../../../../arm-none-eabi/lib/thumb/v7-m/nofp\libg.a(lib_a-atexit.o)
 .ARM.attributes
                0x000003ef       0x2d c:/progra~2/gnuarm~1/102021~1.10/bin/../lib/gcc/arm-none-eabi/10.3.1/../../../../arm-none-eabi/lib/thumb/v7-m/nofp\libg.a(lib_a-fflush.o)
 .ARM.attributes
                0x0000041c       0x2d c:/progra~2/gnuarm~1/102021~1.10/bin/../lib/gcc/arm-none-eabi/10.3.1/../../../../arm-none-eabi/lib/thumb/v7-m/nofp\libg.a(lib_a-findfp.o)
 .ARM.attributes
                0x00000449       0x2d c:/progra~2/gnuarm~1/102021~1.10/bin/../lib/gcc/arm-none-eabi/10.3.1/../../../../arm-none-eabi/lib/thumb/v7-m/nofp\libg.a(lib_a-fini.o)
 .ARM.attributes
                0x00000476       0x2d c:/progra~2/gnuarm~1/102021~1.10/bin/../lib/gcc/arm-none-eabi/10.3.1/../../../../arm-none-eabi/lib/thumb/v7-m/nofp\libg.a(lib_a-freer.o)
 .ARM.attributes
                0x000004a3       0x2d c:/progra~2/gnuarm~1/102021~1.10/bin/../lib/gcc/arm-none-eabi/10.3.1/../../../../arm-none-eabi/lib/thumb/v7-m/nofp\libg.a(lib_a-fwalk.o)
 .ARM.attributes
                0x000004d0       0x2d c:/progra~2/gnuarm~1/102021~1.10/bin/../lib/gcc/arm-none-eabi/10.3.1/../../../../arm-none-eabi/lib/thumb/v7-m/nofp\libg.a(lib_a-lock.o)
 .ARM.attributes
                0x000004fd       0x2d c:/progra~2/gnuarm~1/102021~1.10/bin/../lib/gcc/arm-none-eabi/10.3.1/../../../../arm-none-eabi/lib/thumb/v7-m/nofp\libg.a(lib_a-makebuf.o)
 .ARM.attributes
                0x0000052a       0x2d c:/progra~2/gnuarm~1/102021~1.10/bin/../lib/gcc/arm-none-eabi/10.3.1/../../../../arm-none-eabi/lib/thumb/v7-m/nofp\libg.a(lib_a-malloc.o)
 .ARM.attributes
                0x00000557       0x2d c:/progra~2/gnuarm~1/102021~1.10/bin/../lib/gcc/arm-none-eabi/10.3.1/../../../../arm-none-eabi/lib/thumb/v7-m/nofp\libg.a(lib_a-mallocr.o)
 .ARM.attributes
                0x00000584       0x2d c:/progra~2/gnuarm~1/102021~1.10/bin/../lib/gcc/arm-none-eabi/10.3.1/../../../../arm-none-eabi/lib/thumb/v7-m/nofp\libg.a(lib_a-mlock.o)
 .ARM.attributes
                0x000005b1       0x2d c:/progra~2/gnuarm~1/102021~1.10/bin/../lib/gcc/arm-none-eabi/10.3.1/../../../../arm-none-eabi/lib/thumb/v7-m/nofp\libg.a(lib_a-sbrkr.o)
 .ARM.attributes
                0x000005de       0x2d c:/progra~2/gnuarm~1/102021~1.10/bin/../lib/gcc/arm-none-eabi/10.3.1/../../../../arm-none-eabi/lib/thumb/v7-m/nofp\libg.a(lib_a-stdio.o)
 .ARM.attributes
                0x0000060b       0x2d c:/progra~2/gnuarm~1/102021~1.10/bin/../lib/gcc/arm-none-eabi/10.3.1/../../../../arm-none-eabi/lib/thumb/v7-m/nofp\libg.a(lib_a-writer.o)
 .ARM.attributes
                0x00000638       0x2d c:/progra~2/gnuarm~1/102021~1.10/bin/../lib/gcc/arm-none-eabi/10.3.1/../../../../arm-none-eabi/lib/thumb/v7-m/nofp\libg.a(lib_a-__atexit.o)
 .ARM.attributes
                0x00000665       0x2d c:/progra~2/gnuarm~1/102021~1.10/bin/../lib/gcc/arm-none-eabi/10.3.1/../../../../arm-none-eabi/lib/thumb/v7-m/nofp\libg.a(lib_a-closer.o)
 .ARM.attributes
                0x00000692       0x2d c:/progra~2/gnuarm~1/102021~1.10/bin/../lib/gcc/arm-none-eabi/10.3.1/../../../../arm-none-eabi/lib/thumb/v7-m/nofp\libg.a(lib_a-fclose.o)
 .ARM.attributes
                0x000006bf       0x2d c:/progra~2/gnuarm~1/102021~1.10/bin/../lib/gcc/arm-none-eabi/10.3.1/../../../../arm-none-eabi/lib/thumb/v7-m/nofp\libg.a(lib_a-fstatr.o)
 .ARM.attributes
                0x000006ec       0x2d c:/progra~2/gnuarm~1/102021~1.10/bin/../lib/gcc/arm-none-eabi/10.3.1/../../../../arm-none-eabi/lib/thumb/v7-m/nofp\libg.a(lib_a-lseekr.o)
 .ARM.attributes
                0x00000719       0x2d c:/progra~2/gnuarm~1/102021~1.10/bin/../lib/gcc/arm-none-eabi/10.3.1/../../../../arm-none-eabi/lib/thumb/v7-m/nofp\libg.a(lib_a-readr.o)
 .ARM.attributes
                0x00000746       0x2d c:/progra~2/gnuarm~1/102021~1.10/bin/../lib/gcc/arm-none-eabi/10.3.1/../../../../arm-none-eabi/lib/thumb/v7-m/nofp\libg.a(lib_a-reent.o)
 .ARM.attributes
                0x00000773       0x1d c:/progra~2/gnuarm~1/102021~1.10/bin/../lib/gcc/arm-none-eabi/10.3.1/thumb/v7-m/nofp/crtn.o
OUTPUT(RTOS_test1.elf elf32-littlearm)
LOAD linker stubs
LOAD c:/progra~2/gnuarm~1/102021~1.10/bin/../lib/gcc/arm-none-eabi/10.3.1/../../../../arm-none-eabi/lib/thumb/v7-m/nofp\libc.a
LOAD c:/progra~2/gnuarm~1/102021~1.10/bin/../lib/gcc/arm-none-eabi/10.3.1/../../../../arm-none-eabi/lib/thumb/v7-m/nofp\libm.a
LOAD c:/progra~2/gnuarm~1/102021~1.10/bin/../lib/gcc/arm-none-eabi/10.3.1/thumb/v7-m/nofp\libgcc.a

.debug_info     0x00000000     0x73a2
 .debug_info    0x00000000      0x199 CMakeFiles/RTOS_test1.elf.dir/Core/Src/gpio.c.obj
 .debug_info    0x00000199      0x7de CMakeFiles/RTOS_test1.elf.dir/Core/Src/main.c.obj
 .debug_info    0x00000977     0x12a7 CMakeFiles/RTOS_test1.elf.dir/Core/Src/retarget.c.obj
 .debug_info    0x00001c1e      0x211 CMakeFiles/RTOS_test1.elf.dir/Core/Src/stm32f1xx_hal_msp.c.obj
 .debug_info    0x00001e2f      0x130 CMakeFiles/RTOS_test1.elf.dir/Core/Src/stm32f1xx_it.c.obj
 .debug_info    0x00001f5f      0x750 CMakeFiles/RTOS_test1.elf.dir/Core/Src/syscalls.c.obj
 .debug_info    0x000026af      0x248 CMakeFiles/RTOS_test1.elf.dir/Core/Src/system_stm32f1xx.c.obj
 .debug_info    0x000028f7      0x827 CMakeFiles/RTOS_test1.elf.dir/Core/Src/usart.c.obj
 .debug_info    0x0000311e      0x7a8 CMakeFiles/RTOS_test1.elf.dir/Drivers/STM32F1xx_HAL_Driver/Src/stm32f1xx_hal.c.obj
 .debug_info    0x000038c6      0xd8a CMakeFiles/RTOS_test1.elf.dir/Drivers/STM32F1xx_HAL_Driver/Src/stm32f1xx_hal_cortex.c.obj
 .debug_info    0x00004650      0x66f CMakeFiles/RTOS_test1.elf.dir/Drivers/STM32F1xx_HAL_Driver/Src/stm32f1xx_hal_gpio.c.obj
 .debug_info    0x00004cbf      0xa36 CMakeFiles/RTOS_test1.elf.dir/Drivers/STM32F1xx_HAL_Driver/Src/stm32f1xx_hal_rcc.c.obj
 .debug_info    0x000056f5     0x1c8b CMakeFiles/RTOS_test1.elf.dir/Drivers/STM32F1xx_HAL_Driver/Src/stm32f1xx_hal_uart.c.obj
 .debug_info    0x00007380       0x22 CMakeFiles/RTOS_test1.elf.dir/startup/startup_stm32f103xb.s.obj

.debug_abbrev   0x00000000     0x1777
 .debug_abbrev  0x00000000       0xbf CMakeFiles/RTOS_test1.elf.dir/Core/Src/gpio.c.obj
 .debug_abbrev  0x000000bf      0x1cd CMakeFiles/RTOS_test1.elf.dir/Core/Src/main.c.obj
 .debug_abbrev  0x0000028c      0x2b4 CMakeFiles/RTOS_test1.elf.dir/Core/Src/retarget.c.obj
 .debug_abbrev  0x00000540       0xe5 CMakeFiles/RTOS_test1.elf.dir/Core/Src/stm32f1xx_hal_msp.c.obj
 .debug_abbrev  0x00000625       0x7e CMakeFiles/RTOS_test1.elf.dir/Core/Src/stm32f1xx_it.c.obj
 .debug_abbrev  0x000006a3      0x1da CMakeFiles/RTOS_test1.elf.dir/Core/Src/syscalls.c.obj
 .debug_abbrev  0x0000087d      0x13e CMakeFiles/RTOS_test1.elf.dir/Core/Src/system_stm32f1xx.c.obj
 .debug_abbrev  0x000009bb      0x1c1 CMakeFiles/RTOS_test1.elf.dir/Core/Src/usart.c.obj
 .debug_abbrev  0x00000b7c      0x1f4 CMakeFiles/RTOS_test1.elf.dir/Drivers/STM32F1xx_HAL_Driver/Src/stm32f1xx_hal.c.obj
 .debug_abbrev  0x00000d70      0x341 CMakeFiles/RTOS_test1.elf.dir/Drivers/STM32F1xx_HAL_Driver/Src/stm32f1xx_hal_cortex.c.obj
 .debug_abbrev  0x000010b1      0x1e6 CMakeFiles/RTOS_test1.elf.dir/Drivers/STM32F1xx_HAL_Driver/Src/stm32f1xx_hal_gpio.c.obj
 .debug_abbrev  0x00001297      0x27a CMakeFiles/RTOS_test1.elf.dir/Drivers/STM32F1xx_HAL_Driver/Src/stm32f1xx_hal_rcc.c.obj
 .debug_abbrev  0x00001511      0x254 CMakeFiles/RTOS_test1.elf.dir/Drivers/STM32F1xx_HAL_Driver/Src/stm32f1xx_hal_uart.c.obj
 .debug_abbrev  0x00001765       0x12 CMakeFiles/RTOS_test1.elf.dir/startup/startup_stm32f103xb.s.obj

.debug_aranges  0x00000000      0x688
 .debug_aranges
                0x00000000       0x20 CMakeFiles/RTOS_test1.elf.dir/Core/Src/gpio.c.obj
 .debug_aranges
                0x00000020       0x30 CMakeFiles/RTOS_test1.elf.dir/Core/Src/main.c.obj
 .debug_aranges
                0x00000050       0x50 CMakeFiles/RTOS_test1.elf.dir/Core/Src/retarget.c.obj
 .debug_aranges
                0x000000a0       0x20 CMakeFiles/RTOS_test1.elf.dir/Core/Src/stm32f1xx_hal_msp.c.obj
 .debug_aranges
                0x000000c0       0x60 CMakeFiles/RTOS_test1.elf.dir/Core/Src/stm32f1xx_it.c.obj
 .debug_aranges
                0x00000120       0x90 CMakeFiles/RTOS_test1.elf.dir/Core/Src/syscalls.c.obj
 .debug_aranges
                0x000001b0       0x28 CMakeFiles/RTOS_test1.elf.dir/Core/Src/system_stm32f1xx.c.obj
 .debug_aranges
                0x000001d8       0x30 CMakeFiles/RTOS_test1.elf.dir/Core/Src/usart.c.obj
 .debug_aranges
                0x00000208       0xe0 CMakeFiles/RTOS_test1.elf.dir/Drivers/STM32F1xx_HAL_Driver/Src/stm32f1xx_hal.c.obj
 .debug_aranges
                0x000002e8       0x90 CMakeFiles/RTOS_test1.elf.dir/Drivers/STM32F1xx_HAL_Driver/Src/stm32f1xx_hal_cortex.c.obj
 .debug_aranges
                0x00000378       0x58 CMakeFiles/RTOS_test1.elf.dir/Drivers/STM32F1xx_HAL_Driver/Src/stm32f1xx_hal_gpio.c.obj
 .debug_aranges
                0x000003d0       0x90 CMakeFiles/RTOS_test1.elf.dir/Drivers/STM32F1xx_HAL_Driver/Src/stm32f1xx_hal_rcc.c.obj
 .debug_aranges
                0x00000460      0x200 CMakeFiles/RTOS_test1.elf.dir/Drivers/STM32F1xx_HAL_Driver/Src/stm32f1xx_hal_uart.c.obj
 .debug_aranges
                0x00000660       0x28 CMakeFiles/RTOS_test1.elf.dir/startup/startup_stm32f103xb.s.obj

.debug_ranges   0x00000000      0x630
 .debug_ranges  0x00000000       0x10 CMakeFiles/RTOS_test1.elf.dir/Core/Src/gpio.c.obj
 .debug_ranges  0x00000010       0x20 CMakeFiles/RTOS_test1.elf.dir/Core/Src/main.c.obj
 .debug_ranges  0x00000030       0x40 CMakeFiles/RTOS_test1.elf.dir/Core/Src/retarget.c.obj
 .debug_ranges  0x00000070       0x10 CMakeFiles/RTOS_test1.elf.dir/Core/Src/stm32f1xx_hal_msp.c.obj
 .debug_ranges  0x00000080       0x50 CMakeFiles/RTOS_test1.elf.dir/Core/Src/stm32f1xx_it.c.obj
 .debug_ranges  0x000000d0       0x80 CMakeFiles/RTOS_test1.elf.dir/Core/Src/syscalls.c.obj
 .debug_ranges  0x00000150       0x18 CMakeFiles/RTOS_test1.elf.dir/Core/Src/system_stm32f1xx.c.obj
 .debug_ranges  0x00000168       0x20 CMakeFiles/RTOS_test1.elf.dir/Core/Src/usart.c.obj
 .debug_ranges  0x00000188       0xd0 CMakeFiles/RTOS_test1.elf.dir/Drivers/STM32F1xx_HAL_Driver/Src/stm32f1xx_hal.c.obj
 .debug_ranges  0x00000258       0xe0 CMakeFiles/RTOS_test1.elf.dir/Drivers/STM32F1xx_HAL_Driver/Src/stm32f1xx_hal_cortex.c.obj
 .debug_ranges  0x00000338       0x48 CMakeFiles/RTOS_test1.elf.dir/Drivers/STM32F1xx_HAL_Driver/Src/stm32f1xx_hal_gpio.c.obj
 .debug_ranges  0x00000380       0xa0 CMakeFiles/RTOS_test1.elf.dir/Drivers/STM32F1xx_HAL_Driver/Src/stm32f1xx_hal_rcc.c.obj
 .debug_ranges  0x00000420      0x1f0 CMakeFiles/RTOS_test1.elf.dir/Drivers/STM32F1xx_HAL_Driver/Src/stm32f1xx_hal_uart.c.obj
 .debug_ranges  0x00000610       0x20 CMakeFiles/RTOS_test1.elf.dir/startup/startup_stm32f103xb.s.obj

.debug_line     0x00000000     0x5563
 .debug_line    0x00000000      0x16f CMakeFiles/RTOS_test1.elf.dir/Core/Src/gpio.c.obj
 .debug_line    0x0000016f      0x392 CMakeFiles/RTOS_test1.elf.dir/Core/Src/main.c.obj
 .debug_line    0x00000501      0x44b CMakeFiles/RTOS_test1.elf.dir/Core/Src/retarget.c.obj
 .debug_line    0x0000094c      0x17d CMakeFiles/RTOS_test1.elf.dir/Core/Src/stm32f1xx_hal_msp.c.obj
 .debug_line    0x00000ac9      0x1b7 CMakeFiles/RTOS_test1.elf.dir/Core/Src/stm32f1xx_it.c.obj
 .debug_line    0x00000c80      0x3dc CMakeFiles/RTOS_test1.elf.dir/Core/Src/syscalls.c.obj
 .debug_line    0x0000105c      0x246 CMakeFiles/RTOS_test1.elf.dir/Core/Src/system_stm32f1xx.c.obj
 .debug_line    0x000012a2      0x333 CMakeFiles/RTOS_test1.elf.dir/Core/Src/usart.c.obj
 .debug_line    0x000015d5      0x56e CMakeFiles/RTOS_test1.elf.dir/Drivers/STM32F1xx_HAL_Driver/Src/stm32f1xx_hal.c.obj
 .debug_line    0x00001b43      0x659 CMakeFiles/RTOS_test1.elf.dir/Drivers/STM32F1xx_HAL_Driver/Src/stm32f1xx_hal_cortex.c.obj
 .debug_line    0x0000219c      0x603 CMakeFiles/RTOS_test1.elf.dir/Drivers/STM32F1xx_HAL_Driver/Src/stm32f1xx_hal_gpio.c.obj
 .debug_line    0x0000279f      0xc4c CMakeFiles/RTOS_test1.elf.dir/Drivers/STM32F1xx_HAL_Driver/Src/stm32f1xx_hal_rcc.c.obj
 .debug_line    0x000033eb     0x20db CMakeFiles/RTOS_test1.elf.dir/Drivers/STM32F1xx_HAL_Driver/Src/stm32f1xx_hal_uart.c.obj
 .debug_line    0x000054c6       0x9d CMakeFiles/RTOS_test1.elf.dir/startup/startup_stm32f103xb.s.obj

.debug_str      0x00000000     0x244e
 .debug_str     0x00000000      0x1e0 CMakeFiles/RTOS_test1.elf.dir/Core/Src/gpio.c.obj
                                0x21d (size before relaxing)
 .debug_str     0x000001e0      0x585 CMakeFiles/RTOS_test1.elf.dir/Core/Src/main.c.obj
                                0x787 (size before relaxing)
 .debug_str     0x00000765      0x533 CMakeFiles/RTOS_test1.elf.dir/Core/Src/retarget.c.obj
                                0xb4b (size before relaxing)
 .debug_str     0x00000c98       0x77 CMakeFiles/RTOS_test1.elf.dir/Core/Src/stm32f1xx_hal_msp.c.obj
                                0x257 (size before relaxing)
 .debug_str     0x00000d0f       0xd4 CMakeFiles/RTOS_test1.elf.dir/Core/Src/stm32f1xx_it.c.obj
                                0x25a (size before relaxing)
 .debug_str     0x00000de3      0x134 CMakeFiles/RTOS_test1.elf.dir/Core/Src/syscalls.c.obj
                                0x43b (size before relaxing)
 .debug_str     0x00000f17       0x9b CMakeFiles/RTOS_test1.elf.dir/Core/Src/system_stm32f1xx.c.obj
                                0x28c (size before relaxing)
 .debug_str     0x00000fb2       0xcf CMakeFiles/RTOS_test1.elf.dir/Core/Src/usart.c.obj
                                0x6d0 (size before relaxing)
 .debug_str     0x00001081      0x5fe CMakeFiles/RTOS_test1.elf.dir/Drivers/STM32F1xx_HAL_Driver/Src/stm32f1xx_hal.c.obj
                                0x85c (size before relaxing)
 .debug_str     0x0000167f      0x3e2 CMakeFiles/RTOS_test1.elf.dir/Drivers/STM32F1xx_HAL_Driver/Src/stm32f1xx_hal_cortex.c.obj
                                0x90b (size before relaxing)
 .debug_str     0x00001a61      0x165 CMakeFiles/RTOS_test1.elf.dir/Drivers/STM32F1xx_HAL_Driver/Src/stm32f1xx_hal_gpio.c.obj
                                0x438 (size before relaxing)
 .debug_str     0x00001bc6      0x211 CMakeFiles/RTOS_test1.elf.dir/Drivers/STM32F1xx_HAL_Driver/Src/stm32f1xx_hal_rcc.c.obj
                                0x663 (size before relaxing)
 .debug_str     0x00001dd7      0x62b CMakeFiles/RTOS_test1.elf.dir/Drivers/STM32F1xx_HAL_Driver/Src/stm32f1xx_hal_uart.c.obj
                                0xcc6 (size before relaxing)
 .debug_str     0x00002402       0x4c CMakeFiles/RTOS_test1.elf.dir/startup/startup_stm32f103xb.s.obj
                                 0x7e (size before relaxing)

.comment        0x00000000       0x49
 .comment       0x00000000       0x49 CMakeFiles/RTOS_test1.elf.dir/Core/Src/gpio.c.obj
                                 0x4a (size before relaxing)
 .comment       0x00000049       0x4a CMakeFiles/RTOS_test1.elf.dir/Core/Src/main.c.obj
 .comment       0x00000049       0x4a CMakeFiles/RTOS_test1.elf.dir/Core/Src/retarget.c.obj
 .comment       0x00000049       0x4a CMakeFiles/RTOS_test1.elf.dir/Core/Src/stm32f1xx_hal_msp.c.obj
 .comment       0x00000049       0x4a CMakeFiles/RTOS_test1.elf.dir/Core/Src/stm32f1xx_it.c.obj
 .comment       0x00000049       0x4a CMakeFiles/RTOS_test1.elf.dir/Core/Src/syscalls.c.obj
 .comment       0x00000049       0x4a CMakeFiles/RTOS_test1.elf.dir/Core/Src/system_stm32f1xx.c.obj
 .comment       0x00000049       0x4a CMakeFiles/RTOS_test1.elf.dir/Core/Src/usart.c.obj
 .comment       0x00000049       0x4a CMakeFiles/RTOS_test1.elf.dir/Drivers/STM32F1xx_HAL_Driver/Src/stm32f1xx_hal.c.obj
 .comment       0x00000049       0x4a CMakeFiles/RTOS_test1.elf.dir/Drivers/STM32F1xx_HAL_Driver/Src/stm32f1xx_hal_cortex.c.obj
 .comment       0x00000049       0x4a CMakeFiles/RTOS_test1.elf.dir/Drivers/STM32F1xx_HAL_Driver/Src/stm32f1xx_hal_gpio.c.obj
 .comment       0x00000049       0x4a CMakeFiles/RTOS_test1.elf.dir/Drivers/STM32F1xx_HAL_Driver/Src/stm32f1xx_hal_rcc.c.obj
 .comment       0x00000049       0x4a CMakeFiles/RTOS_test1.elf.dir/Drivers/STM32F1xx_HAL_Driver/Src/stm32f1xx_hal_uart.c.obj

.debug_frame    0x00000000     0x1764
 .debug_frame   0x00000000       0x28 CMakeFiles/RTOS_test1.elf.dir/Core/Src/gpio.c.obj
 .debug_frame   0x00000028       0x58 CMakeFiles/RTOS_test1.elf.dir/Core/Src/main.c.obj
 .debug_frame   0x00000080       0xb8 CMakeFiles/RTOS_test1.elf.dir/Core/Src/retarget.c.obj
 .debug_frame   0x00000138       0x28 CMakeFiles/RTOS_test1.elf.dir/Core/Src/stm32f1xx_hal_msp.c.obj
 .debug_frame   0x00000160       0xa8 CMakeFiles/RTOS_test1.elf.dir/Core/Src/stm32f1xx_it.c.obj
 .debug_frame   0x00000208      0x168 CMakeFiles/RTOS_test1.elf.dir/Core/Src/syscalls.c.obj
 .debug_frame   0x00000370       0x30 CMakeFiles/RTOS_test1.elf.dir/Core/Src/system_stm32f1xx.c.obj
 .debug_frame   0x000003a0       0x60 CMakeFiles/RTOS_test1.elf.dir/Core/Src/usart.c.obj
 .debug_frame   0x00000400      0x1cc CMakeFiles/RTOS_test1.elf.dir/Drivers/STM32F1xx_HAL_Driver/Src/stm32f1xx_hal.c.obj
 .debug_frame   0x000005cc      0x118 CMakeFiles/RTOS_test1.elf.dir/Drivers/STM32F1xx_HAL_Driver/Src/stm32f1xx_hal_cortex.c.obj
 .debug_frame   0x000006e4       0xe4 CMakeFiles/RTOS_test1.elf.dir/Drivers/STM32F1xx_HAL_Driver/Src/stm32f1xx_hal_gpio.c.obj
 .debug_frame   0x000007c8      0x190 CMakeFiles/RTOS_test1.elf.dir/Drivers/STM32F1xx_HAL_Driver/Src/stm32f1xx_hal_rcc.c.obj
 .debug_frame   0x00000958      0x5c4 CMakeFiles/RTOS_test1.elf.dir/Drivers/STM32F1xx_HAL_Driver/Src/stm32f1xx_hal_uart.c.obj
 .debug_frame   0x00000f1c       0x20 c:/progra~2/gnuarm~1/102021~1.10/bin/../lib/gcc/arm-none-eabi/10.3.1/../../../../arm-none-eabi/lib/thumb/v7-m/nofp\libg.a(lib_a-errno.o)
 .debug_frame   0x00000f3c       0x2c c:/progra~2/gnuarm~1/102021~1.10/bin/../lib/gcc/arm-none-eabi/10.3.1/../../../../arm-none-eabi/lib/thumb/v7-m/nofp\libg.a(lib_a-init.o)
 .debug_frame   0x00000f68       0x2c c:/progra~2/gnuarm~1/102021~1.10/bin/../lib/gcc/arm-none-eabi/10.3.1/../../../../arm-none-eabi/lib/thumb/v7-m/nofp\libg.a(lib_a-memset.o)
 .debug_frame   0x00000f94       0x48 c:/progra~2/gnuarm~1/102021~1.10/bin/../lib/gcc/arm-none-eabi/10.3.1/../../../../arm-none-eabi/lib/thumb/v7-m/nofp\libg.a(lib_a-setvbuf.o)
 .debug_frame   0x00000fdc       0x5c c:/progra~2/gnuarm~1/102021~1.10/bin/../lib/gcc/arm-none-eabi/10.3.1/../../../../arm-none-eabi/lib/thumb/v7-m/nofp\libg.a(lib_a-__call_atexit.o)
 .debug_frame   0x00001038       0x20 c:/progra~2/gnuarm~1/102021~1.10/bin/../lib/gcc/arm-none-eabi/10.3.1/../../../../arm-none-eabi/lib/thumb/v7-m/nofp\libg.a(lib_a-atexit.o)
 .debug_frame   0x00001058       0x70 c:/progra~2/gnuarm~1/102021~1.10/bin/../lib/gcc/arm-none-eabi/10.3.1/../../../../arm-none-eabi/lib/thumb/v7-m/nofp\libg.a(lib_a-fflush.o)
 .debug_frame   0x000010c8      0x154 c:/progra~2/gnuarm~1/102021~1.10/bin/../lib/gcc/arm-none-eabi/10.3.1/../../../../arm-none-eabi/lib/thumb/v7-m/nofp\libg.a(lib_a-findfp.o)
 .debug_frame   0x0000121c       0x34 c:/progra~2/gnuarm~1/102021~1.10/bin/../lib/gcc/arm-none-eabi/10.3.1/../../../../arm-none-eabi/lib/thumb/v7-m/nofp\libg.a(lib_a-fini.o)
 .debug_frame   0x00001250       0x8c c:/progra~2/gnuarm~1/102021~1.10/bin/../lib/gcc/arm-none-eabi/10.3.1/../../../../arm-none-eabi/lib/thumb/v7-m/nofp\libg.a(lib_a-freer.o)
 .debug_frame   0x000012dc       0x54 c:/progra~2/gnuarm~1/102021~1.10/bin/../lib/gcc/arm-none-eabi/10.3.1/../../../../arm-none-eabi/lib/thumb/v7-m/nofp\libg.a(lib_a-fwalk.o)
 .debug_frame   0x00001330       0xb0 c:/progra~2/gnuarm~1/102021~1.10/bin/../lib/gcc/arm-none-eabi/10.3.1/../../../../arm-none-eabi/lib/thumb/v7-m/nofp\libg.a(lib_a-lock.o)
 .debug_frame   0x000013e0       0x70 c:/progra~2/gnuarm~1/102021~1.10/bin/../lib/gcc/arm-none-eabi/10.3.1/../../../../arm-none-eabi/lib/thumb/v7-m/nofp\libg.a(lib_a-makebuf.o)
 .debug_frame   0x00001450       0x30 c:/progra~2/gnuarm~1/102021~1.10/bin/../lib/gcc/arm-none-eabi/10.3.1/../../../../arm-none-eabi/lib/thumb/v7-m/nofp\libg.a(lib_a-malloc.o)
 .debug_frame   0x00001480       0x4c c:/progra~2/gnuarm~1/102021~1.10/bin/../lib/gcc/arm-none-eabi/10.3.1/../../../../arm-none-eabi/lib/thumb/v7-m/nofp\libg.a(lib_a-mallocr.o)
 .debug_frame   0x000014cc       0x30 c:/progra~2/gnuarm~1/102021~1.10/bin/../lib/gcc/arm-none-eabi/10.3.1/../../../../arm-none-eabi/lib/thumb/v7-m/nofp\libg.a(lib_a-mlock.o)
 .debug_frame   0x000014fc       0x2c c:/progra~2/gnuarm~1/102021~1.10/bin/../lib/gcc/arm-none-eabi/10.3.1/../../../../arm-none-eabi/lib/thumb/v7-m/nofp\libg.a(lib_a-sbrkr.o)
 .debug_frame   0x00001528       0x8c c:/progra~2/gnuarm~1/102021~1.10/bin/../lib/gcc/arm-none-eabi/10.3.1/../../../../arm-none-eabi/lib/thumb/v7-m/nofp\libg.a(lib_a-stdio.o)
 .debug_frame   0x000015b4       0x2c c:/progra~2/gnuarm~1/102021~1.10/bin/../lib/gcc/arm-none-eabi/10.3.1/../../../../arm-none-eabi/lib/thumb/v7-m/nofp\libg.a(lib_a-writer.o)
 .debug_frame   0x000015e0       0x34 c:/progra~2/gnuarm~1/102021~1.10/bin/../lib/gcc/arm-none-eabi/10.3.1/../../../../arm-none-eabi/lib/thumb/v7-m/nofp\libg.a(lib_a-__atexit.o)
 .debug_frame   0x00001614       0x2c c:/progra~2/gnuarm~1/102021~1.10/bin/../lib/gcc/arm-none-eabi/10.3.1/../../../../arm-none-eabi/lib/thumb/v7-m/nofp\libg.a(lib_a-closer.o)
 .debug_frame   0x00001640       0x3c c:/progra~2/gnuarm~1/102021~1.10/bin/../lib/gcc/arm-none-eabi/10.3.1/../../../../arm-none-eabi/lib/thumb/v7-m/nofp\libg.a(lib_a-fclose.o)
 .debug_frame   0x0000167c       0x2c c:/progra~2/gnuarm~1/102021~1.10/bin/../lib/gcc/arm-none-eabi/10.3.1/../../../../arm-none-eabi/lib/thumb/v7-m/nofp\libg.a(lib_a-fstatr.o)
 .debug_frame   0x000016a8       0x2c c:/progra~2/gnuarm~1/102021~1.10/bin/../lib/gcc/arm-none-eabi/10.3.1/../../../../arm-none-eabi/lib/thumb/v7-m/nofp\libg.a(lib_a-lseekr.o)
 .debug_frame   0x000016d4       0x2c c:/progra~2/gnuarm~1/102021~1.10/bin/../lib/gcc/arm-none-eabi/10.3.1/../../../../arm-none-eabi/lib/thumb/v7-m/nofp\libg.a(lib_a-readr.o)
 .debug_frame   0x00001700       0x64 c:/progra~2/gnuarm~1/102021~1.10/bin/../lib/gcc/arm-none-eabi/10.3.1/../../../../arm-none-eabi/lib/thumb/v7-m/nofp\libg.a(lib_a-reent.o)

.debug_loc      0x00000000     0x3c15
 .debug_loc     0x00000000      0x389 CMakeFiles/RTOS_test1.elf.dir/Core/Src/retarget.c.obj
 .debug_loc     0x00000389       0x15 CMakeFiles/RTOS_test1.elf.dir/Core/Src/stm32f1xx_hal_msp.c.obj
 .debug_loc     0x0000039e      0x3a2 CMakeFiles/RTOS_test1.elf.dir/Core/Src/syscalls.c.obj
 .debug_loc     0x00000740       0xff CMakeFiles/RTOS_test1.elf.dir/Core/Src/system_stm32f1xx.c.obj
 .debug_loc     0x0000083f       0x84 CMakeFiles/RTOS_test1.elf.dir/Core/Src/usart.c.obj
 .debug_loc     0x000008c3      0x141 CMakeFiles/RTOS_test1.elf.dir/Drivers/STM32F1xx_HAL_Driver/Src/stm32f1xx_hal.c.obj
 .debug_loc     0x00000a04      0x71f CMakeFiles/RTOS_test1.elf.dir/Drivers/STM32F1xx_HAL_Driver/Src/stm32f1xx_hal_cortex.c.obj
 .debug_loc     0x00001123      0x47d CMakeFiles/RTOS_test1.elf.dir/Drivers/STM32F1xx_HAL_Driver/Src/stm32f1xx_hal_gpio.c.obj
 .debug_loc     0x000015a0      0x63e CMakeFiles/RTOS_test1.elf.dir/Drivers/STM32F1xx_HAL_Driver/Src/stm32f1xx_hal_rcc.c.obj
 .debug_loc     0x00001bde     0x2037 CMakeFiles/RTOS_test1.elf.dir/Drivers/STM32F1xx_HAL_Driver/Src/stm32f1xx_hal_uart.c.obj
